Flutter crash report.
Please report a bug at https://github.com/flutter/flutter/issues.

## command

flutter test

## exception

RangeError: RangeError (start): Invalid value: Not in inclusive range 0..97: 102

```
#0      RangeError.checkValidRange (dart:core/errors.dart:387:7)
#1      _StringBase.substring (dart:core-patch/string_patch.dart:437:27)
#2      truncate (package:test_core/src/util/pretty_print.dart:65:21)
#3      CompactReporter._progressLine (package:test_core/src/runner/reporter/compact.dart:445:35)
#4      CompactReporter._onTestStarted (package:test_core/src/runner/reporter/compact.dart:216:7)
#5      _rootRunUnary (dart:async/zone_root.dart:56:13)
#6      _CustomZone.runUnary (dart:async/zone.dart:816:35)
#7      _CustomZone.runUnaryGuarded (dart:async/zone.dart:710:7)
#8      _BufferingStreamSubscription._sendData (dart:async/stream_impl.dart:381:11)
#9      _BufferingStreamSubscription._add (dart:async/stream_impl.dart:312:7)
#10     _SyncBroadcastStreamController._sendData (dart:async/broadcast_stream_controller.dart:385:25)
#11     _BroadcastStreamController.add (dart:async/broadcast_stream_controller.dart:257:5)
#12     _rootRunUnary (dart:async/zone_root.dart:48:47)
#13     _CustomZone.runUnary (dart:async/zone.dart:816:35)
#14     _CustomZone.runUnaryGuarded (dart:async/zone.dart:710:7)
#15     _BufferingStreamSubscription._sendData (dart:async/stream_impl.dart:381:11)
#16     _BufferingStreamSubscription._add (dart:async/stream_impl.dart:312:7)
#17     _SyncBroadcastStreamController._sendData (dart:async/broadcast_stream_controller.dart:385:25)
#18     _BroadcastStreamController.add (dart:async/broadcast_stream_controller.dart:257:5)
#19     LiveSuiteController.reportLiveTest (package:test_core/src/runner/live_suite_controller.dart:134:30)
#20     Engine._addLoadSuite (package:test_core/src/runner/engine.dart:527:16)
#21     Engine.run.<anonymous closure>.<anonymous closure> (package:test_core/src/runner/engine.dart:294:34)
<asynchronous suspension>
#22     FutureGroup.add.<anonymous closure> (package:async/src/future_group.dart:79:15)
<asynchronous suspension>
```

## flutter doctor

```
[32m[✓]
[39m Flutter
(Channel
stable,
3.47.2, on
Ubuntu
26.04.1
LTS
7.0.0-31-g
eneric,
locale
en_US.UTF-
8) [198ms]
[32m•[39m Flutter
version
3.47.2 on
channel
stable at
/home/than
os/snap/fl
utter/comm
on/flutter
[32m•[39m Upstream
repository
https://gi
thub.com/f
lutter/flu
tter.git
[32m•
[39m Framework
revision
d3b14c8769
(12 days
ago),
2026-08-26
16:07:51
-0700
[32m•[39m Engine
revision
a804b26164
[32m•[39m Dart
version
3.13.2
[32m•[39m DevTools
version
2.60.0
[32m•[39m Feature
flags:
enable-web
,
enable-lin
ux-desktop
,
enable-mac
os-desktop
,
enable-win
dows-deskt
op,
enable-and
roid,
enable-ios
,
cli-animat
ions,
enable-nat
ive-assets
,
enable-rec
ord-use,
enable-swi
ft-package
-manager,
omit-legac
y-version-
file,
enable-lld
b-debuggin
g,
enable-uis
cene-migra
tion

[33m[!]
[39m Android
toolchain
- develop
for
Android
devices
(Android
SDK
version
35.0.1)
[613ms]
[32m•[39m Android
SDK at
/home/than
os/Android
/Sdk
[32m•[39m Emulator
version
37.1.11.0
(build_id
15917651)
(CL:N/A)
[31m✗

cmdline-to
ols
component
is
missing.
Try
installing
or
updating
Android
Studio.
Alternativ
ely,
download
the tools
from
https://de
veloper.an
droid.com/
studio#com
mand-line-
tools-only
and make
sure to
set the
ANDROID_HO
ME
environmen
t
variable.
See
https://de
veloper.an
droid.com/
studio/com
mand-line
for more
details.
[31m✗[39m Android
license
status
unknown.
Run
`flutter
doctor
--android-
licenses`
to accept
the SDK
licenses.
See
https://fl
utter.dev/
to/linux-a
ndroid-set
up for
more
details.

[31m[✗][39m Chrome
- develop
for the
web
(Cannot
find
Chrome
executable
at
google-chr
ome)
[20ms]
[33m![39m Cannot
find
Chrome.
Try
setting
CHROME_EXE
CUTABLE to
a Chrome
executable
.

[32m[✓][39m Linux
toolchain
- develop
for Linux
desktop
[862ms]
[32m•[39m Ubuntu
clang
version
21.1.8
(6ubuntu1)
[32m•[39m cmake
version
4.2.3
[32m•[39m ninja
version
1.13.2
[32m•

pkg-config
version
2.5.1
[32m•[39m OpenGL
core
renderer:
Mesa
Intel(R)
Graphics
(RPL-U)
[32m•[39m OpenGL
core
version:
4.6 (Core
Profile)
Mesa
26.0.8-1ub
untu0.3
[32m•[39m OpenGL
core
shading
language
version:
4.60
[32m•[39m OpenGL
ES
renderer:
Mesa
Intel(R)
Graphics
(RPL-U)
[32m•[39m OpenGL
ES
version:
OpenGL ES
3.2 Mesa
26.0.8-1ub
untu0.3
[32m•[39m OpenGL
ES shading
language
version:
OpenGL ES
GLSL ES
3.20
[32m•

GL_EXT_fra
mebuffer_b
lit: yes
[32m•

GL_EXT_tex
ture_forma
t_BGRA8888
: yes

[32m[✓]
[39m Connected
device (1
available)
[109ms]
[32m•[39m Linux
(desktop)
• linux •
linux-x64
• Ubuntu
26.04.1
LTS
7.0.0-31-g
eneric

[32m[✓]
[39m Network
resources
[619ms]
[32m•[39m All
expected
network
resources
are
available.

[33m![39m Doctor
found
issues in
2
categories
.
```
